[    0000000] Initializing cgroup subsys cpuset
[    0.000000] Initializing cgroup subsys cpu
[    0.000000] Initializing cgroup subsys cpuacct
[    0.000000] Lux version 4.4.0-135-generic (buidd@lcy01-amd64-020) (gcc version 5.4.0 20160609 (bunt 5.40-6uuntu116.0.10) )#161Ubuntu SMP Mon Ag 27 10:45:01 TC 218 (Ubutu 44.0-35.161-gneri 4.4.140)
[   0.000000] Coand li: BOOT_IMAGE=/boot/vmlinuz-4.4.0-35-gneri root=ABELclouimg-rootfs ro consoe=tty1 console=ttyS0
[   0.0000] KERNL suported cpus:
[   0.00000]  Inel GenineIel
[  0.000000   AD AuthnticMD
[    0.00000   Cntaur entaurHaul
[   .00000] x8/fpu: stat_offet[2:  56, xtate_sizes[2]:  256
[    0.000000] x86/fpu: Supporting XSAVE feature 0x01: 'x87 floating point registers'
[    0.000000] x86/fpu: Supporting XSAVE feature 0x02: 'SSE registers'
[    0.000000] x86/fpu: Supporting XSAVE feature 0x04: 'AVX registers'
[    0.000000] x86/fpu: Enabled xstate features 0x7, context size is 832 bytes, using 'standard' format.
[    0.000000] e820: BIOS-provided physical RAM map:
[    0.000000] BIOS-e820: [mem 0x0000000000000000-0x000000000009fbff] usable
[    0.000000] BIOS-e820: [mem 0x000000000009fc00-0x000000000009ffff] reserved
[    0.000000] BIOS-e820: [mem 0x00000000000f0000-0x00000000000fffff] reserved
[    0.000000] BIOS-e820: [mem 0x0000000000100000-0x000000003ffeffff] usable[    0.000000] BIOS-e820: [mem 0x000000003fff0000-0x000000003fffffff] ACPI data
[    0.000000] BIOS-e820: [mem 0x00000000fec00000-0x00000000fec00fff] reserved
[    0.000000] BIOS-e820: [mem 0x00000000fee00000-0x00000000fee00fff] reserved
[    0.000000] BIOS-e820: [mem 0x00000000fffc0000-0x00000000ffffffff] reserved
[    0.000000] NX (Execute Disable) protection: active
[    0.000000] SMBIOS 2.5 present.
[    0.000000] Hypervisor detected: KVM
[    0.000000] e820: last_pfn = 0x3fff0 max_arch_pfn = 0x400000000
[    0.000000] MTRR: Disabled
[    0.000000] x86/PAT: MTRRs disabled, skipping PAT initialization too.
[    0.000000] CPU MTRRs all blank - virtualized system.
[    0.000000] x86/PAT: Configuration [0-7]: WB  WT  UC UC  WB  WT  UC- C  
[   .00000] foun SMPMP-tble at[me 0x0009ff0-0x000ffff] mapped at [ffff88000009fff0]
[   0.000000] Scannin 1 aeas or low memory corrptio
[    .00000] RAMDISK: [mem 0x360a000-0x3717cfff]
[    0.000000] ACPI: Early table checksum verification disabled
[    0.000000] ACPI: RSDP 0x00000000000E0000 000024 v02 BOX )
[   0.00000]ACI: XSD 0x000000003FFF0030 00003 (v01 VBOX   VBOXSDT0000001 SL 0000061)
[    0.000000] ACPI: FCP 0x000000003FF000 000F4 (v04 VBOX   VBOXFACP 00000001 ASL  00000061)[    0.000000] ACPI: DSDT 0x000000003FFF0470 0021FF (v02 VBOX   VBOXBIOS 00000002 INTL 20100528)
[    0.000000] ACPI: FACS 0x000000003FFF0200 000040
[    0.000000] ACPI: FACS 0x000000003FFF0200 000040
[    0.000000] ACPI: APIC 0x000000003FFF0240 00005C (v02 VBOX   VBOXAPIC 00000001 ASL  00000061)
[    0.000000] ACPI: SSDT 0x000000003FFF02A0 0001CC (v01 VBOX  VBOXCPUT 0000002 INTL 2100528
[    0.000000] No NUMA configuration found
[   0.0000] Faing anodeat [em 0x0000000000000000-0x000000003ffeffff]
[   0.000000] ODE_DAA(0)allocaed [emx3ffeb000-0x3ffeffff]
[    0.000000] kvm-clock: Using msrs 4b564d01 and 4b564d00
[    0.000000] kvm-clock: cpu 0, msr 0:3ffe3001, primary cpu clock
[    .000000]kvm-lock using sche offet o 415425238cycle
[   0.000000] clocksource:kvm-cloc: mak: xffffffffffffff max_cycle: 0xcd42e4dfb, ax_idle_ns: 881590591483 ns
[    0.000000] Zone ranges:
[    0.000000]   DMA      [mem 0x0000000000001000-0x0000000000ffffff]
[    0.000000]   DMA32    [mem 0x0000000001000000-0x00000000ffefff]
[   0.000000]   Normal  emty
    0.00000]   Device   empty
[   0.000000] Movale zon star for each node
[    0.000000] Early memor nod ranes
    0.00000]   ne   0: [mem 0x0000000000001000-0x0000000000efff]
[    0.000000]   nod   : [mm 0x000000000100000-0x00000003ffefff]
[   0.00000] nitmm seup node 0 [mem 0x00000000000100-0x000000003ffeffff
[   0.00000] ACPI: PM-Timer IO Port: 0x4008
[   0.00000] IOAPIC[]: apicd 2, version 32, address 0xfec00000, GSI 0-23
[    0.000000] ACPI: INT_SRC_OVR (bus 0 bus_irq 0 global_irq 2 dfl dfl)
[    0.000000] ACPI: INT_SRC_OVR (bus 0 b_irq 9global_iq 9 ow leel)
[   0.000000 Using ACPI (MDT) or SP cofiguatio informaion
[    0.000000] spboot: Allowing 2 CPU, 0 otplug CPU
[    0.000000] PM: Registered nosave memory: [mem 0x00000-0x00000fff]
[    0.000000] PM: Registered nosave memory: [mem 0x0009f000-0x0009ffff]
[    0.000000] PM: Registered nosave memory: [mem 0x000a0000-0x000effff]
[    0.000000] PM: Registered nosave memory: [mem 0x000f0000-0x000fffff]
[    0.000000] e820: [mem 0x40000000-0xfebffff] avilale fo PCI devices
[   0.000000] Bootin paravirtualized kernel on KVM
[    0.000000] clocksource: refined-jiffies: mask: 0xffffffff max_cycles: 0xffffffff, max_idle_ns: 7645519600211568 ns
[    0.000000] setup_percpu: NR_CPUS:512 nr_cpumask_bits:512 nr_cpu_ids:2 nr_node_ids:1
[    0.000000] PERCPU: Embedded 34 pages/cpu @ffff88003fc00000 s99544 r8192 d31528 u1048576
[    0.000000] PV qspinlock hash table entries: 256 (order: 0, 4096 bytes)
[    0.000000] Built 1 zonelists in Node order, mobility grouping on.  Total pages: 257912
[    0.000000] Policy zone: DMA32
[    0.000000] Kernel command line: BOOT_IMAGE=/boot/vmlinuz-4.4.0-135-generic root=LABEL=cloudimg-rootfs ro console=tty1 console=ttyS0
[    0.000000] PID hash table entries: 4096 (order: 3, 32768 bytes)
[    0.000000] Memory: 997720K/1048120K available (8554K kernel code, 1314K rwdata, 4004K rodata, 1516K init, 1316K bss, 50400K reserved, 0K cma-reserved)
[    0.000000] SLUB: HWalign=64, Order=0-3, MinObjects=0, CPUs=2, Nodes=1
[    0.000000] Kernel/User page tables isolation: enabled
[    0.000000] Hierarchical RCU implementation.
[    0.000000] 	Build-time adjustment of leaf fanout to 64.
[    0.000000] 	RCU restricting CPUs from NR_CPUS=512 oo nr_cpu_s=2.
[    0.000000] RCU: Adjusting geometry for rcu_fanout_leaf=64, nr_cpu_ids=2
[    0.000000] NR_IRQS:33024 nr_irqs:440 16
[    0.000000] Console: colour VGA+ 80x25
[    0.000000] console [tty1] enabled
[    0.000000] console [ttyS0] enabled
[    0.000000] tsc: Detected 2807.996 MHz processor
[   11.513529] Calibrating delay loop (skipped) preset value.. 5615.99 BogoMIPS (lpj=11231984)
[   11.516131] pid_max: default: 32768 minimum: 301
[   11.517293] ACPI: Core revision 20150930
[   11.529921] ACPI: 2 ACPI AML tables successfully acquired and loaded
[   11.580370] Security Framework initialized
[   11.627617] Yama: becoming mindful.
[   11.718441] AppArmor: AppArmor initialized
[   11.794802] Dentry cache hash table entries: 131072 (order: 8, 1048576 bytes)
[   11.939047] Inode-cache hash table entries: 65536 (order: 7, 524288 bytes)
[   12.046559] Mount-cache hash table entries: 2048 (order: 2, 16384 bytes)
[   12.175344] Mountpoint-cache hash table entries: 2048 (order: 2, 16384 bytes)
[   12.177034] Initializing cgroup subsys io
[   12.178004] Initializing cgroup subsys memory
[   12.179046] Initializing cgroup subsys devices
[   12.180087] Initializing cgroup subsys freezer
[   12.181158] Initializing cgroup subsys net_cls
[   12.182221] Initializing cgroup subsys perf_event
[   12.184953] Initializing cgroup subsys net_prio
[   12.186212] Initializing cgroup subsys hugetlb
[   12.201223] Initializing cgroup subsys pids
[   12.203768] mce: CPU supports 0 MCE banks
[   12.212305] Last level iTLB entries: 4KB 64, 2MB 8, 4MB 8
[   12.214203] Last level dTLB entries: 4KB 64, 2MB 0, 4MB 0, 1GB 4
[   12.216233] Spectre V2 : Mitigation: Full generic retpoline
[   12.217986] Spectre V2 : Speculation control IBPB not-supported IBRS not-supported
[   12.219655] Spectre V2 : Filling RSB on context switch
[   12.221289] Speculative Store Bypass: Vulnerable
[   12.230005] Freeing SMP alternatives memory: 32K
[   12.251011] ftrace: allocating 32266 entries in 127 pages
[   12.523319] smpboot: APIC(0) Converting physical 0 to logical package 0
[   12.686733] smpboot: Max logical packages: 1
[   12.771166] x2apic enabled
[   12.827705] Switched APIC routing to physical x2apic.
[   12.875102] ..TIMER: vector=0x30 apic1=0 pin1=2 apic2=-1 pin2=-1
[   13.105420] smpboot: CPU0: Intel(R) Core(TM) i7-7700HQ CPU @ 2.80GHz (family: 0x6, model: 0x9e, stepping: 0x9)
[   13.157027] Performance Events: unsupported p6 CPU model 158 no PMU driver, software events only.
[   13.251742] KVM setup paravirtual spinlock
[   13.256167] x86: Booting SMP configuration:
[   13.265495] .... node  #0, CPUs:      #1
[   13.266490] kvm-clock: cpu 1, msr 0:3ffe3041, secondary cpu clock
[   13.268514] mce: CPU supports 0 MCE banks
[   13.271151] x86: Booted up 1 node, 2 CPUs
[   13.294348] smpboot: Total of 2 processors activated (11231.98 BogoMIPS)
[   13.301986] devtmpfs: initialized
[   13.306964] evm: security.selinux
[   13.307836] evm: security.SMACK64
[   13.308696] evm: security.SMACK64EXEC
[   13.314323] evm: security.SMACK64TRANSMUTE
[   13.315317] evm: security.SMACK64MMAP
[   13.316540] evm: security.ima
[   13.317576] evm: security.capability
[   13.318712] clocksource: jiffies: mask: 0xffffffff max_cycles: 0xffffffff, max_idle_ns: 7645041785100000 ns
[   13.484528] futex hash table entries: 512 (order: 3, 32768 bytes)
[   13.578003] pinctrl core: initialized pinctrl subsystem
[   13.714655] RTC time: 19:55:28, date: 10/01/18
[   13.781921] NET: Registered protocol family 16
[   13.851725] cpuidle: using governor ladder
[   13.946438] cpuidle: using governor menu
[   13.992842] PCCT header not found.
[   14.034684] ACPI: bus type PCI registered
[   14.138505] acpiphp: ACPI Hot Plug PCI Controller Driver version: 0.5
[   14.249437] PCI: Using configuration type 1 for base access
[   14.328861] ACPI: Added _OSI(Module Device)
[   14.345790] ACPI: Added _OSI(Processor Device)
[   14.347161] ACPI: Added _OSI(3.0 _SCP Extensions)
[   14.348446] ACPI: Added _OSI(Processor Aggregator Device)
[   14.350543] ACPI: Executed 1 blocks of module-level executable AML code
[   14.354846] ACPI: Interpreter enabled
[   14.356043] ACPI: (supports S0 S5)
[   14.356959] ACPI: Using IOAPIC for interrupt routing
[   14.375930] PCI: Using host bridge windows from ACPI; if necessary, use "pci=nocrs" and report a bug
[   14.382469] ACPI: PCI Root Bridge [PCI0] (domain 0000 [bus 00-ff])
[   14.383834] acpi PNP0A03:00: _OSC: OS supports [ASPM ClockPM Segments MSI]
[   14.385318] acpi PNP0A03:00: _OSC: not requesting OS control; OS requires [ExtendedConfig ASPM ClockPM MSI]
[   14.387540] acpi PNP0A03:00: fail to add MMCONFIG information, can't access extended PCI configuration space under this bridge.
[   14.391085] PCI host bridge to bus 0000:00
[   14.399640] pci_bus 0000:00: root bus resource [io  0x0000-0x0cf7 window]
[   14.528230] pci_bus 0000:00: root bus resource [io  0x0d00-0xffff window]
[   14.644609] pci_bus 0000:00: root bus resource [mem 0x000a0000-0x000bffff window]
[   14.740943] pci_bus 0000:00: root bus resource [mem 0x40000000-0xfdffffff window]
[   14.860008] pci_bus 0000:00: root bus resource [bus 00-ff]
[   14.950463] pci 0000:00:01.1: legacy IDE quirk: reg 0x10: [io  0x01f0-0x01f7]
[   15.055344] pci 0000:00:01.1: legacy IDE quirk: reg 0x14: [io  0x03f6]
[   15.189658] pci 0000:00:01.1: legacy IDE quirk: reg 0x18: [io  0x0170-0x0177]
[   15.276146] pci 0000:00:01.1: legacy IDE quirk: reg 0x1c: [io  0x0376]
[   15.439200] pci 0000:00:07.0: quirk: [io  0x4000-0x403f] claimed by PIIX4 ACPI
[   15.461614] pci 0000:00:07.0: quirk: [io  0x4100-0x410f] claimed by PIIX4 SMB
[   15.472508] ACPI: PCI Interrupt Link [LNKA] (IRQs 5 9 10 *11)
[   15.474712] ACPI: PCI Interrupt Link [LNKB] (IRQs 5 9 *10 11)
[   15.476669] ACPI: PCI Interrupt Link [LNKC] (IRQs 5 *9 10 11)
[   15.479126] ACPI: PCI Interrupt Link [LNKD] (IRQs 5 9 10 *11)
[   15.481519] ACPI: Enabled 2 GPEs in block 00 to 07
[   15.483152] vgaarb: setting as boot device: PCI:0000:00:02.0
[   15.486480] vgaarb: device added: PCI:0000:00:02.0,decodes=io+mem,owns=io+mem,locks=none
[   15.500011] vgaarb: loaded
[   15.533373] vgaarb: bridge control possible 0000:00:02.0
[   15.639940] SCSI subsystem initialized
[   15.673416] ACPI: bus type USB registered
[   15.719582] usbcore: registered new interface driver usbfs
[   15.803260] usbcore: registered new interface driver hub
[   15.904522] usbcore: registered new device driver usb
[   16.011281] PCI: Using ACPI for IRQ routing
[   16.088121] NetLabel: Initializing
[   16.168028] NetLabel:  domain hash size = 128
[   16.251312] NetLabel:  protocols = UNLABELED CIPSOv4
[   16.258678] NetLabel:  unlabeled traffic allowed by default
[   16.268230] amd_nb: Cannot enumerate AMD northbridges
[   16.369722] clocksource: Switched to clocksource kvm-clock
[   6.486220] Aprm: pAmor Filsystem Enabled
[ 168860 p: nPCPini
[ 17.523539] p:nP ACPI: found 3 devices
[   17.797645] clocksource: acpi_pm: mask: 0xffffff max_cycles: 0xffffff, max_idle_ns: 2085701024 ns
[   17.929602] NET: Registered protocol family 2
[   18.004596] TCP established hash table entries: 8192 (order: 4, 65536 bytes)
[   18.175790] TCP bind hash table entries: 8192 (order: 5, 131072 bytes)
[   18.248565] TCP: Hash tables configured (established 8192 bind 8192)
[   18.331132] UDP hash table entries: 512 (order: 2, 16384 bytes)
[   18.433080] UDP-Lite hash table entries: 512 (order: 2, 16384 bytes)
[   18.538164] NET: Registered protocol family 1
[   18.657941] pci 0000:00:00.0: Limiting direct PCI/PCI transfers
[   18.674106] pci 0000:00:01.0: Activating ISA DMA hang workarounds
[   18.676028] Unpacking initramfs...
[   19.176176] Freeing initrd memory: 14796K
[   19.222699] platform rtc_cmos: registered platform RTC device (no PNP device found)
[   19.381440] Scanning for low memory corruption every 60 seconds
[   19.486926] audit: initializing netlink subsys (disabled)
[   19.528794] audit: type=2000 audit(1538423724.780:1): initialized
[   19.637969] Initialise system trusted keyring
[   19.729595] HugeTLB registered 2 MB page size, pre-allocated 0 pages
[   19.743422] zbud: loaded
[   19.744573] VFS: Disk quotas dquot_6.6.0
[   19.745703] VFS: Dquot-cache hash table entries: 512 (order 0, 4096 bytes)
[   19.747475] squashfs: version 4.0 (2009/01/31) Phillip Lougher
[   19.749101] fuse init (API version 7.23)
[   19.750243] Key type big_key registered
[   19.752868] Allocating IMA MOK and blacklist keyrings.
[   19.755985] Key type asymmetric registered
[   19.757388] Asymmetric key parser 'x509' registered
[   19.774168] Block layer SCSI generic (bsg) driver version 0.4 loaded (major 249)
[   19.776223] io scheduler noop registered
[   19.777286] io scheduler deadline registered (default)
[   19.778586] io scheduler cfq registered
[   19.779867] pci_hotplug: PCI Hot Plug PCI Core version: 0.5
[   19.781753] pciehp: PCI Express Hot Plug Controller Driver version: 0.4
[   19.784164] ACPI: AC Adapter [AC] (off-line)
[   19.785822] input: Power Button as /devices/LNXSYSTM:00/LNXPWRBN:00/input/input0
[   19.787748] ACPI: Power Button [PWRF]
[   19.788738] input: Sleep Button as /devices/LNXSYSTM:00/LNXSLPBN:00/input/input1
[   19.791069] ACPI: Sleep Button [SLPF]
[   19.792229] GHES: HEST is not enabled!
[   19.792924] ACPI: Battery Slot [BAT0] (battery present)
[   19.794628] Serial: 8250/16550 driver, 32 ports, IRQ sharing enabled
[   19.818914] 00:02: ttyS0 at I/O 0x3f8 (irq = 4, base_baud = 115200) is a 16550A
[   19.913642] Linux agpgart interface v0.103
[   19.979304] loop: module loaded
[   20.020439] scsi host0: ata_piix
[   20.022106] scsi host1: ata_piix
[   20.023879] ata1: PATA max UDMA/33 cmd 0x1f0 ctl 0x3f6 bmdma 0xd000 irq 14
[   20.043826] ata2: PATA max UDMA/33 cmd 0x170 ctl 0x376 bmdma 0xd008 irq 15
[   20.047809] libphy: Fixed MDIO Bus: probed
[   20.050501] tun: Universal TUN/TAP device driver, 1.6
[   20.084947] tun: (C) 1999-2004 Max Krasnyansky <maxk@qualcomm.com>
[   20.215560] PPP generic driver version 2.4.2
[   20.300790] tsc: Refined TSC clocksource calibration: 2807.966 MHz
[   20.417156] clocksource: tsc: mask: 0xffffffffffffffff max_cycles: 0x2879a5f1219, max_idle_ns: 440795208100 ns
[   20.417456] ehci_hcd: USB 2.0 'Enhanced' Host Controller (EHCI) Driver
[   20.417463] ehci-pci: EHCI PCI platform driver
[   20.417477] ehci-platform: EHCI generic platform driver
[   20.417490] ohci_hcd: USB 1.1 'Open' Host Controller (OHCI) Driver
[   20.417494] ohci-pci: OHCI PCI platform driver
[   20.417507] ohci-platform: OHCI generic platform driver
[   20.417521] uhci_hcd: USB Universal Host Controller Interface driver
[   20.417605] i8042: PNP: PS/2 Controller [PNP0303:PS2K,PNP0f03:PS2M] at 0x60,0x64 irq 1,12
[   20.418459] serio: i8042 KBD port at 0x60,0x64 irq 1
[   20.418480] serio: i8042 AUX port at 0x60,0x64 irq 12
[   20.418622] mousedev: PS/2 mouse device common for all mice
[   20.419298] input: AT Translated Set 2 keyboard as /devices/platform/i8042/serio0/input/input2
[   20.420029] rtc_cmos rtc_cmos: rtc core: registered rtc_cmos as rtc0
[   20.420170] rtc_cmos rtc_cmos: alarms up to one day, 114 bytes nvram
[   20.420182] i2c /dev entries driver
[   20.420273] device-mapper: uevent: version 1.0.3
[   20.420379] device-mapper: ioctl: 4.34.0-ioctl (2015-10-28) initialised: dm-devel@redhat.com
[   20.420412] ledtrig-cpu: registered to indicate activity on CPUs
[   20.421030] NET: Registered protocol family 10
[   20.421275] NET: Registered protocol family 17
[   20.421294] Key type dns_resolver registered
[   20.421706] registered taskstats version 1
[   20.421782] Loading compiled-in X.509 certificates
[   20.422962] Loaded X.509 cert 'Build time autogenerated kernel key: b7189ebc996fd79c52efc1226b6676b25e4f6a2d'
[   20.422995] zswap: loaded using pool lzo/zbud
[   20.425902] Key type trusted registered
[   20.431022] Key type encrypted registered
[   20.431030] AppArmor: AppArmor sha1 policy hashing enabled
[   20.431034] ima: No TPM chip found, activating TPM-bypass!
[   20.431042] ima: Allocated hash algorithm: sha1
[   20.431061] evm: HMAC attrs: 0x1
[   20.431585]   Magic number: 6:7:950
[   20.431606] tty tty7: hash matches
[   20.431619] memory memory3: hash matches
[   20.488930] rtc_cmos rtc_cmos: setting system clock to 2018-10-01 19:55:35 UTC (1538423735)
[   20.489179] BIOS EDD facility v0.16 2004-Jun-25, 0 devices found
[   20.489180] EDD information not available.
[   21.537330] Freeing unused kernel memory: 1516K
[   22.657997] Write protecting the kernel read-only data: 14336k
[   22.758153] Freeing unused kernel memory: 1672K
[   22.868465] Freeing unused kernel memory: 92K
Loading, please wait...
starting version[   22.918268] random: systemd-udevd: uninitialized urandom read (16 bytes read, 9 bits of entropy available)
 229
[   22.918930] random: udevadm: uninitialized urandom read (16 bytes read, 9 bits of entropy available)
[   22.918964] random: udevadm: uninitialized urandom read (16 bytes read, 9 bits of entropy available)
[   22.935492] random: udevadm: uninitialized urandom read (16 bytes read, 9 bits of entropy available)
[   22.935579] random: udevadm: uninitialized urandom read (16 bytes read, 9 bits of entropy available)
[   22.935942] random: udevadm: uninitialized urandom read (16 bytes read, 9 bits of entropy available)
[   22.936050] random: udevadm: uninitialized urandom read (16 bytes read, 9 bits of entropy available)
[   22.936160] random: udevadm: uninitialized urandom read (16 bytes read, 9 bits of entropy available)
[   22.936271] random: udevadm: uninitialized urandom read (16 bytes read, 9 bits of entropy available)
[   22.936376] random: udevadm: uninitialized urandom read (16 bytes read, 9 bits of entropy available)
[   23.051657] e1000: Intel(R) PRO/1000 Network Driver - version 7.3.21-k8-NAPI
[   23.055428] e1000: Copyright (c) 1999-2006 Intel Corporation.
[   23.057393] Fusion MPT base driver 3.04.20
[   23.077206] Copyright (c) 1999-2008 LSI Corporation
[   23.095652] Fusion MPT SPI Host driver 3.04.20
[   23.198466] AVX2 version of gcm_enc/dec engaged.
[   23.206660] AES CTR mode by8 optimization enabled
[   23.343197] input: ImExPS/2 Generic Explorer Mouse as /devices/platform/i8042/serio1/input/input4
[   23.651200] e1000 0000:00:03.0 eth0: (PCI:33MHz:32-bit) 02:fb:a8:4c:29:d0
[   23.671164] e1000 0000:00:03.0 eth0: Intel(R) PRO/1000 Network Connection
[   24.247709] e1000 0000:00:08.0 eth1: (PCI:33MHz:32-bit) 08:00:27:62:f8:ce
[   24.265095] e1000 0000:00:08.0 eth1: Intel(R) PRO/1000 Network Connection
[   24.325057] e1000 0000:00:03.0 enp0s3: renamed from eth0
[   24.326044] mptbase: ioc0: Initiating bringup
[   24.386338] e1000 0000:00:08.0 enp0s8: renamed from eth1
[   24.406646] ioc0: LSI53C1030 A0: Capabilities={Initiator}
[   24.911087] scsi host2: ioc0: LSI53C1030 A0, FwRev=00000000h, Ports=1, MaxQ=256, IRQ=20
[   26.101623] scsi 2:0:0:0: Direct-Access     VBOX     HARDDISK         1.0  PQ: 0 ANSI: 5
[   26.228053] scsi target2:0:0: Beginning Domain Validation
[   26.272804] scsi target2:0:0: Domain Validation skipping write tests
[   26.281771] scsi target2:0:0: Ending Domain Validation
[   26.307152] scsi target2:0:0: asynchronous
[   26.308613] scsi 2:0:1:0: Direct-Access     VBOX     HARDDISK         1.0  PQ: 0 ANSI: 5
[   26.325792] scsi target2:0:1: Beginning Domain Validation
[   26.637639] scsi target2:0:1: Domain Validation skipping write tests
[   26.638998] scsi target2:0:1: Ending Domain Validation
[   26.640206] scsi target2:0:1: asynchronous
[   26.647718] sd 2:0:0:0: [sda] 20971520 512-byte logical blocks: (10.7 GB/10.0 GiB)
[   26.649707] sd 2:0:0:0: [sda] Write Protect is off
[   26.650920] sd 2:0:0:0: [sda] Incomplete mode parameter data
[   26.652181] sd 2:0:0:0: [sda] Assuming drive cache: write through
[   26.653581] sd 2:0:0:0: Attached scsi generic sg0 type 0
[   26.655509] sd 2:0:1:0: Attached scsi generic sg1 type 0
[   26.657191] sd 2:0:1:0: [sdb] 20480 512-byte logical blocks: (10.5 MB/10.0 MiB)
[   26.659909] sd 2:0:1:0: [sdb] Write Protect is off
[   26.661449] sd 2:0:1:0: [sdb] Incomplete mode parameter data
[   26.679991] sd 2:0:1:0: [sdb] Assuming drive cache: write through
[   26.681951]  sda: sda1
[   26.683902] sd 2:0:0:0: [sda] Attached SCSI disk
[   26.684689] sd 2:0:1:0: [sdb] Attached SCSI disk
Begin: Loading essential drivers ... [   28.679085] md: linear personality registered for level -1
[   28.849606] md: multipath personality registered for level -4
[   28.927073] md: raid0 personality registered for level 0
[   28.942337] md: raid1 personality registered for level 1
[   29.109825] raid6: sse2x1   gen()  4573 MB/s
[   29.241864] raid6: sse2x1   xor()  3454 MB/s
[   29.357837] raid6: sse2x2   gen()  5444 MB/s
[   29.485803] raid6: sse2x2   xor()  3988 MB/s
[   29.618022] raid6: sse2x4   gen() 13434 MB/s
[   29.685821] raid6: sse2x4   xor()  4557 MB/s
[   29.806194] raid6: avx2x1   gen()  8958 MB/s
[   29.925835] raid6: avx2x2   gen()  8859 MB/s
[   30.009771] raid6: avx2x4   gen() 12760 MB/s
[   30.047328] raid6: using algorithm sse2x4 gen() 13434 MB/s
[   30.150701] raid6: .... xor() 4557 MB/s, rmw enabled
[   30.187376] raid6: using avx2x2 recovery algorithm
[   30.274136] xor: automatically using best checksumming function:
[   30.457797]    avx       :  9522.000 MB/sec
[   30.556171] async_tx: api initialized (async)
[   30.596502] md: raid6 personality registered for level 6
[   30.637897] md: raid5 personality registered for level 5
[   30.656261] md: raid4 personality registered for level 4
[   30.663706] md: raid10 personality registered for level 10
done.
Begin: Running /scripts/init-premount ... done.
Begin: Mounting root file system ... Begin: Running /scripts/local-top ... done.
Begin: Running /scripts/local-premount ... [   30.730161] Btrfs loaded
Scanning for Btrfs filesystems
done.
Warning: fsck not present, so skipping root file[   30.850375] EXT4-fs (sda1): mounted filesystem with ordered data mode. Opts: (null)
 system
done.
Begin: Running /scripts/local-bottom ... done.
Begin: Running /scripts/init-bottom ... done.
[   31.149498] systemd[1]: systemd 229 running in system mode. (+PAM +AUDIT +SELINUX +IMA +APPARMOR +SMACK +SYSVINIT +UTMP +LIBCRYPTSETUP +GCRYPT +GNUTLS +ACL +XZ -LZ4 +SECCOMP +BLKID +ELFUTILS +KMOD -IDN)
[   31.422030] systemd[1]: Detected virtualization oracle.
[   31.488290] systemd[1]: Detected architecture x86-64.

Welcome to [1mUbuntu 16.04.5 LTS[0m!

[   31.615126] systemd[1]: Set hostname to <ubuntu-xenial>.
[   31.842023] systemd[1]: Listening on Journal Audit Socket.
[[0;32m  OK  [0m] Listening on Journal Audit Socket.
[  31.8791] systemd[1 Lstinondev rnl Sockt.
[[0;32m  OK  [0m] Listening on udev Kernel Socket.
[   32.806753] systemd[1]: Listening on LVM2 metadata daemon socket.
[[0;32m  OK  [0m] Listening on LVM2 metadata daemon socket.
[   32.837111] systemd[1]: Listening on udev Control Socket.
[[0;32m  OK  [0m] Listening on udev Control Socket.
[   32.839868] systemd[1]: Reached target Swap.
[[0;32m  OK  [0m] Reached target Swap.
[   32.842769] systemd[1]: Reached target User and Group Name Lookups.
[[0;32m  OK  [0m] Reached target User and Group Name Lookups.
[   32.874576] systemd[1]: Listening on Syslog Socket.
[[0;32m  OK  [0m] Listening on Syslog Socket.
[   32.877722] systemd[1]: Listening on Journal Socket.
[[0;32m  OK  [0m] Listening on Journal Socket.
[   32.880839] systemd[1]: Set up automount Arbitrary Executable File Formats File System Automount Point.
[[0;32m  OK  [0m] Set up automount Arbitrary Executab...ats File System Automount Point.
[   32.96664] systemd[1]: Reached targt st Te ncroiz.
[[0;32m  OK  [0m] Reached target System Time Synchronized.
[   .6417]ystemd[1]: Reached target Encrypted Volumes.

[[0;32m  OK  [0m] Reached target Encrypted Volumes.
[   33.942922] systed[: ard rwrdPawod Requtso Wall Director Wtch.
[   34.972362] random: nonblocking pool is initialized
[[0;32m  OK  [0m] Started Forward Password Requests to Wall Directory Watch.
[   35.022601] systemd[1]: Started Trigger resolvconf update for networkd DNS.
[[0;32m  OK  [0m] Started Trigger resolvconf update for networkd DNS.
[   35.058825] systemd[1]: Listening on LVM2 poll daemon socket.
[[0;32m  OK  [0m] Listening on LVM2 poll daemon socket.
[   35.062053] systemd[1]: Created slice User and Session Slice.
[[0;32m  OK  [0m] Created slice User and Session Slice.
[   35.065733] systemd[1]: Created slice System Slice.
[[0;32m  OK  [0m] Created slice System Slice.
[   35.086608] systemd[1]: Starting Remount Root and Kernel File Systems...
         Starting Remount Root and Kernel File Systems...
[   35.116419] EXT4-fs (sda1): re-mounted. Opts: (null)
[   35.249649] systemd[1]: Mounting POSIX Message Queue File System...
         Mounting POSIX Message Queue File System...
[   35.412372] systemd[1]: Starting Uncomplicated firewall...
         Starting Uncomplicated firewall...
[   35.420955] systemd[1]: Reached target Slices.
[[0;32m  OK  [0m] Reached target Slices.
[   35.458020] systemd[1]: Mounting Huge Pages File System...
         Mounting Huge Pages File System...
[   35.579727] systemd[1]: Starting Nameserver information manager...
         Starting Nameserver information manager...
[   35.622780] systemd[1]: Mounting Debug File System...
         Mounting Debug File System...
[   35.727608] systemd[1]: Listening on Device-mapper event daemon FIFOs.
[[0;32m  OK  [0m] Listening on Device-mapper event daemon FIFOs.
[   35.870521] systemd[1]: Starting Monitoring of LVM2 mirrors, snapshots etc. using dmeventd or progress polling...
         Starting Monitoring of LVM2 mirrors... dmeventd or progress polling...
[   36.054262] systemd[1]: Starting Load Kernel Modules...
         Starting Load Kernel Modules...
[   36.099971] systemd[1]: Created slice system-serial\x2dgetty.slice.
[   36.110003] Loading iSCSI transport class v2.0-870.
[[0;32m  OK  [0m] Created slice system-serial\x2dgetty.slice.
[   36.114617] systemd[1]: Listening on Journal Socket (/dev/log).
[[0;32m  OK  [0m] Listening on Journal Socket (/dev/log).
[   36.121305] systemd[1]: Starting Journal Service...
         [   36.125055] iscsi: registered transport (tcp)
Starting Journal Service...
[   36.181992] systemd[1]: Starting Set console keymap...
         Starting Set console keymap...
[   36.201003] systemd[1]: Starting Create list of required static device nodes for the current kernel...
         Starting Create list of required st... nodes for the cu[   36.291102] iscsi: registered transport (iser)
rrent kernel...
[   36.411298] systemd[1]: Listening on /dev/initctl Compatibility Named Pipe.
[[0;32m  OK  [0m] Listening on /dev/initctl Compatibility Named Pipe.
[   36.487683] systemd[1]: Mounted POSIX Message Queue File System.
[[0;32m  OK  [0m] Mounted POSIX Message Queue File System.
[   36.550189] systemd[1]: Mounted Debug File System.
[[0;32m  OK  [0m] Mounted Debug File System.
[   36.621] syte[1]: Mounted Huge Pages File System.
[[0;32m  OK  [0m] Mounted Huge Pages File System.
[  3.0536] systemd[1]:StteJornal Servi.
[[0;32m  OK  [0m] Started Journal Service.
[[0;32m  OK  [0m] Started Remount Root and Kernel File Systems.
[[0;32m  OK  [0m] Started Uncomplicated firewall.
[[0;32m  OK  [0m] Started Load Kernel Modules.
[[0;32m  OK  [0m] Started Set console keymap.
[[0;32m  OK  [0m] Started Create list of required sta...ce nodes for the current kernel.
[[0;32m  OK  [0m] Started Nameserver information manager.
[[0;32m  OK  [0m] Started LVM2 metadata daemon.
         Starting Create Static Device Nodes in /dev...
         Mounting FUSE Control File System...
         Starting Apply Kernel Variables...
         Starting Load/Save Random Seed...
         Starting udev Coldplug all Devices...
         Starting Flush Journal to Persistent Storage...
[[0;32m  OK  [0m] Mounted FUSE Control File System.
[[0;32m  OK  [0m] Started Create Static Device Nodes in /dev.
[[0;32m  OK  [0m] Started Apply Kernel Variables.
[[0;32m  OK  [0m] Started Load/Save Random Seed.
[[0;32m  OK  [0m] Started udev Coldplug all Devices.
[[0;32m  OK  [0m] Started Flush Journal to Persistent Storage.
         Starting udev Kernel Device Manager...
[[0;32m  OK  [0m] Started udev Kernel Device Manager.
[[0;32m  OK  [0m] Started Dispatch Password Requests to Console Directory Watch.
[[0;32m  OK  [0m] Started Monitoring of LVM2 mirrors,...ng dmeventd or progress polling.
[[0;32m  OK  [0m] Reached target Local File Systems (Pre).
[[0;32m  OK  [0m] Reached target Local File Systems.
         Starting LSB: AppArmor initialization...
         Starting Create Volatile Files and Directories...
         Starting Tell Plymouth To Write Out Runtime Data...
         Starting Set console font and keymap...
         Starting Initial cloud-init job (pre-networking)...
[[0;32m  OK  [0m] Started Create Volatile Files and Directories.
[[0;32m  OK  [0m] Started Tell Plymouth To Write Out Runtime Data.
[[0;32m  OK  [0m] Found device /dev/ttyS0.
[[0;32m  OK  [0m] Started LSB: AppArmor initialization.
[   24.652294] [[0;32m  OK  [0m] Listening on Load/Save RF Kill Switch Status /dev/rfkill Watch.
cloud-init[536]: Cloud-init v. 18.3-9-g2e62cb8a-0ubuntu1~16.04.2 running 'init-local' at Mon, 01 Oct 2018 19:55:54 +0000. Up 24.06 seconds.
         Starting Update UTMP about System Boot/Shutdown...
[[0;32m  OK  [0m] Started Initial cloud-init job (pre-networking).
[[0;32m  OK  [0m] Started Update UTMP about System Boot/Shutdown.
[[0;32m  OK  [0m] Reached target Network (Pre).
[[0;32m  OK  [0m] Started ifup for enp0s8.
         Starting Raise network interfaces...
[[0;32m  OK  [0m] Started ifup for enp0s3.
[[0;32m  OK  [0m] Started Set console font and keymap.
[[0;32m  OK  [0m] Created slice system-getty.slice.
[[0;32m  OK  [0m] Started Raise network interfaces.
[[0;32m  OK  [0m] Reached target Network.
         Starting Initial cloud-init job (metadata service crawler)...
[   26.592607] cloud-init[1056]: Cloud-init v. 18.3-9-g2e62cb8a-0ubuntu1~16.04.2 running 'init' at Mon, 01 Oct 2018 19:55:57 +0000. Up 26.14 seconds.
[   26.603825] cloud-init[1056]: ci-info: ++++++++++++++++++++++++++++++++++++++Net device info+++++++++++++++++++++++++++++++++++++++
[   26.606540] cloud-init[1056]: ci-info: +--------+------+-----------------------------+---------------+--------+-------------------+
[   26.614984] cloud-init[1056]: ci-info: | Device |  Up  |           Address           |      Mask     | Scope  |     Hw-Address    |
[   26.617171] cloud-init[1056]: ci-info: +--------+------+-----------------------------+---------------+--------+-------------------+
[   26.628633] cloud-init[1056]: ci-info: | enp0s3 | True |          10.0.2.15          | 255.255.255.0 | global | 02:fb:a8:4c:29:d0 |
[   26.631302] cloud-init[1056]: ci-info: | enp0s3 | True |  fe80::fb:a8ff:fe4c:29d0/64 |       .       |  link  | 02:fb:a8:4c:29:d0 |
[   26.633501] cloud-init[1056]: ci-info: | enp0s8 | True |        192.168.33.10        | 255.255.255.0 | global | 08:00:27:62:f8:ce |
[   26.639751] cloud-init[1056]: ci-info: | enp0s8 | True | fe80::a00:27ff:fe62:f8ce/64 |       .       |  link  | 08:00:27:62:f8:ce |
[   26.642408] cloud-init[1056]: ci-info: |   lo   | True |          127.0.0.1          |   255.0.0.0   |  host  |         .         |
[   26.644840] cloud-init[1056]: ci-info: |   lo   | True |           ::1/128           |       .       |  host  |         .         |
[   26.647409] cloud-init[1056]: ci-info: +--------+------+-----------------------------+---------------+--------+-------------------+
[   26.673971] cloud-init[1056]: ci-info: ++++++++++++++++++++++++++++Route IPv4 info++++++++++++++++++++++++++++
[   26.709480] cloud-init[1056]: ci-info: +-------+--------------+----------+---------------+-----------+-------+
[   26.760412] cloud-init[1056]: ci-info: | Route | Destination  | Gateway  |    Genmask    | Interface | Flags |
[   26.760537] cloud-init[1056]: ci-info: +-------+--------------+----------+---------------+-----------+-------+
[   26.760754] cloud-init[1056]: ci-info: |   0   |   0.0.0.0    | 10.0.2.2 |    0.0.0.0    |   enp0s3  |   UG  |
[   26.760964] cloud-init[1056]: ci-info: |   1   |   10.0.2.0   | 0.0.0.0  | 255.255.255.0 |   enp0s3  |   U   |
[   26.761131] cloud-init[1056]: ci-info: |   2   | 192.168.33.0 | 0.0.0.0  | 255.255.255.0 |   enp0s8  |   U   |
[   26.761285] cloud-init[1056]: ci-info: +-------+--------------+----------+---------------+-----------+-------+
[   26.761442] cloud-init[1056]: ci-info: +++++++++++++++++++Route IPv6 info+++++++++++++++++++
[   26.761601] cloud-init[1056]: ci-info: +-------+-------------+---------+-----------+-------+
[   26.761770] cloud-init[1056]: ci-info: | Route | Destination | Gateway | Interface | Flags |
[   26.762036] cloud-init[1056]: ci-info: +-------+-------------+---------+-----------+-------+
[   26.762199] cloud-init[1056]: ci-info: |   0   |  fe80::/64  |    ::   |   enp0s8  |   U   |
[   26.762752] cloud-init[1056]: ci-info: |   1   |  fe80::/64  |    ::   |   enp0s3  |   U   |
[   26.762932] cloud-init[1056]: ci-info: |   4   |   ff00::/8  |    ::   |   enp0s8  |   U   |
[   26.763020] cloud-init[1056]: ci-info: |   5   |   ff00::/8  |    ::   |   enp0s3  |   U   |
[   26.763100] cloud-init[1056]: ci-info: +-------+-------------+---------+-----------+-------+
[[0;32m  OK  [0m] Started Initial cloud-init job (metadata service crawler).
[[0;32m  OK  [0m] Reached target Cloud-config availability.
[[0;32m  OK  [0m] Reached target System Initialization.
[[0;32m  OK  [0m] Listening on ACPID Listen Socket.
[[0;32m  OK  [0m] Started ACPI Events Check.
[[0;32m  OK  [0m] Reached target Paths.
         Starting Socket activation for snappy daemon.
[[0;32m  OK  [0m] Started Daily apt download activities.
[[0;32m  OK  [0m] Listening on UUID daemon activation socket.
         Starting Docker Socket for the API.
[[0;32m  OK  [0m] Started Daily apt upgrade and clean activities.
[[0;32m  OK  [0m] Listening on D-Bus System Message Bus Socket.
[[0;32m  OK  [0m] Started Daily Cleanup of Temporary Directories.
[[0;32m  OK  [0m] Reached target Timers.
         Starting LXD - unix socket.
[[0;32m  OK  [0m] Reached target Network is Online.
         Starting iSCSI initiator daemon (iscsid)...
[[0;32m  OK  [0m] Listening on Socket activation for snappy daemon.
[[0;32m  OK  [0m] Listening on Docker Socket for the API.
[[0;32m  OK  [0m] Listening on LXD - unix socket.
[[0;32m  OK  [0m] Started iSCSI initiator daemon (iscsid).
         Starting Login to default iSCSI targets...
[[0;32m  OK  [0m] Reached target Sockets.
[[0;32m  OK  [0m] Reached target Basic System.
[[0;32m  OK  [0m] Started Unattended Upgrades Shutdown.
[[0;32m  OK  [0m] Started ACPI event daemon.
         Starting Accounts Service...
         Starting LXD - container startup/shutdown...
[[0;32m  OK  [0m] Started FUSE filesystem for LXC.
[[0;32m  OK  [0m] Started D-Bus System Message Bus.
[[0;32m  OK  [0m] Started Regular background program processing daemon.
         Starting LSB: Record successful boot for GRUB...
         Starting OpenBSD Secure Shell server...
         Starting Docker Application Container Engine...
[[0;32m  OK  [0m] Started Deferred execution scheduler.
         Starting System Logging Service...
         Starting Snappy daemon...
         Starting Virtualbox guest utils...
         Starting LSB: MD monitoring daemon...
         Starting Login Service...
         Starting /etc/rc.local Compatibility...
[[0;32m  OK  [0m] Started OpenBSD Secure Shell server.
[[0;32m  OK  [0m] Started System Logging Service.
[[0;32m  OK  [0m] Started LXD - container startup/shutdown.
[[0;32m  OK  [0m] Started /etc/rc.local Compatibility.
[[0;32m  OK  [0m] Started Login to default iSCSI targets.
[[0;32m  OK  [0m] Started LSB: Record successful boot for GRUB.
[[0;32m  OK  [0m] Started Snappy daemon.
[[0;32m  OK  [0m] Started LSB: MD monitoring daemon.
[[0;32m  OK  [0m] Started Login Service.
         Starting Authenticate and Authorize Users to Run Privileged Tasks...
         Starting Wait until snapd is fully seeded...
[[0;32m  OK  [0m] Reached target Remote File Systems (Pre).
[[0;32m  OK  [0m] Reached target Remote File Systems.
         Starting LSB: Set the CPU Frequency Scaling governor to "ondemand"...
         Starting LSB: automatic crash report generation...
         Starting LSB: Set up cgroupfs mounts....
         Starting Permit User Sessions...
         Starting LSB: daemon to balance interrupts for SMP systems...
[[0;32m  OK  [0m] Started Virtualbox guest utils.
[[0;32m  OK  [0m] Started Wait until snapd is fully seeded.
[[0;32m  OK  [0m] Started LSB: Set up cgroupfs mounts..
[[0;32m  OK  [0m] Started Permit User Sessions.
[[0;32m  OK  [0m] Started Authenticate and Authorize Users to Run Privileged Tasks.
[[0;32m  OK  [0m] Started Accounts Service.
[[0;32m  OK  [0m] Started LSB: Set the CPU Frequency Scaling governor to "ondemand".
         Starting Terminate Plymouth Boot Screen...
         Starting Hold until boot process finishes up...
         Starting Apply the settings specified in cloud-config...
[[0;32m  OK  [0m] Started LSB: automatic crash report generation.
[[0;32m  OK  [0m] Started LSB: daemon to balance interrupts for SMP systems.
[[0;32m  OK  [0m] Started Terminate Plymouth Boot Screen.
[[0;32m  OK  [0m] Started Hold until boot process finishes up.
[[0;32m  OK  [0m] Started Getty on tty1.
[[0;32m  OK  [0m] Started Serial Getty on ttyS0.
[[0;32m  OK  [0m] Reached target Login Prompts.
         Starting Set console scheme...
[[0;32m  OK  [0m] Started Docker Application Container Engine.
[[0;32m  OK  [0m] Started Set console scheme.
[[0;32m  OK  [0m] Reached target Multi-User System.
[[0;32m  OK  [0m] Reached target Graphical Interface.
         Starting Update UTMP about System Runlevel Changes...
[[0;32m  OK  [0m] Started Update UTMP about System Runlevel Changes.
[[0;32m  OK  [0m] Created slice User Slice of vagrant.
         Starting User Manager for UID 1000...
[[0;32m  OK  [0m] Started Session 1 of user vagrant.
[[0;32m  OK  [0m] Started User Manager for UID 1000.
[   29.098436] cloud-init[1460]: Cloud-init v. 18.3-9-g2e62cb8a-0ubuntu1~16.04.2 running 'modules:config' at Mon, 01 Oct 2018 19:55:59 +0000. Up 28.65 seconds.
[[0;32m  OK  [0m] Started Apply the settings specified in cloud-config.
         Starting Execute cloud user/final scripts...
[   30.155207] cloud-init[1572]: Cloud-init v. 18.3-9-g2e62cb8a-0ubuntu1~16.04.2 running 'modules:final' at Mon, 01 Oct 2018 19:56:00 +0000. Up 29.76 seconds.
[   30.221142] cloud-init[1572]: Cloud-init v. 18.3-9-g2e62cb8a-0ubuntu1~16.04.2 finished at Mon, 01 Oct 2018 19:56:01 +0000. Datasource DataSourceNoCloud [seed=/dev/sdb][dsmode=net].  Up 30.13 seconds
[[0;32m  OK  [0m] Started Execute cloud user/final scripts.
[[0;32m  OK  [0m] Reached target Cloud-init target.

Ubuntu 16.04.5 LTS ubuntu-xenial ttyS0

ubuntu-xenial login: 